// Jest Snapshot v1, https://goo.gl/fbAQLP

exports[`renders correctly 1`] = `
<div
  className="title"
>
  <h2
    data-testid="title"
  >
    Cocktails
  </h2>
</div>
`;
